// Jest Snapshot v1, https://goo.gl/fbAQLP

exports[`<APIMFaultyPerApp /> rendering renders correctly 1`] = `ShallowWrapper {}`;

exports[`<Comment /> rendering renders correctly 1`] = `ShallowWrapper {}`;
